code_feas_dist.py and C30/code_feasible2.py, 6 October 2026: arrangements of directions for 28 centres (floating point, local search; 'feasible starts' counts starts that reached zero violation).

Loosest thresholds (nA directions within 2.0161, pairwise <= 0.50795; nF at sqrt6, within
0.61403 of those and 0.66667 of each other), code_feasible2.py.
Seed 7: 200 starts for nA = 22 and 24, 100 for the rest:
  22+2 feasible 50/200   22+3 feasible 1/200   22+4 best 1.256e-02   22+5 1.886e-02   22+6 2.595e-02
  24+2 best 3.895e-02    24+3 4.540e-02        24+4 4.905e-02
  21+7 best 1.287e-02    21+4 feasible 39/100  20+8 best 3.843e-03   20+5 feasible 95/100
  18+10 feasible 81/100  16+12 99/100          12+16 100/100         0+28 100/100
Seed 11, 300 starts:
nA=21 nB=0 nF=7 dA=2.0161 dB=2.0161: feasible starts 0/300, best max violation 8.543e-03
nA=20 nB=0 nF=8 dA=2.0161 dB=2.0161: feasible starts 0/300, best max violation 3.915e-05
nA=19 nB=0 nF=9 dA=2.0161 dB=2.0161: feasible starts 92/300, best max violation -1.008e-07
nA=22 nB=0 nF=4 dA=2.0161 dB=2.0161: feasible starts 0/300, best max violation 9.534e-03

With the distances that the radial counts at 28 allow (21 within 2.1, 22 within 2.15, 23 within 2.2,
24 within 2.35), each centre at the largest distance its count allows; seeds 11, 23 and 31:
2.0161*21,2.15*1,2.2*1,2.35*1,sqrt6*4: feasible starts 0/300, best max violation 2.859e-02
2.0161*20,2.1*1,2.15*1,2.2*1,2.35*1,sqrt6*4: feasible starts 0/300, best max violation 3.307e-02
2.0161*19,2.1*2,2.15*1,2.2*1,2.35*1,sqrt6*4: feasible starts 0/300, best max violation 3.119e-02
2.0161*18,2.1*3,2.15*1,2.2*1,2.35*1,sqrt6*4: feasible starts 0/300, best max violation 1.986e-02
2.0161*17,2.1*4,2.15*1,2.2*1,2.35*1,sqrt6*4: feasible starts 0/300, best max violation 2.303e-02
2.1*21,2.15*1,2.2*1,2.35*1,sqrt6*4: feasible starts 212/300, best max violation -2.868e-11
2.0161*10,2.1*11,2.15*1,2.2*1,2.35*1,sqrt6*4: feasible starts 0/300, best max violation 5.839e-03
2.0161*2,2.1*19,2.15*1,2.2*1,2.35*1,sqrt6*4: feasible starts 133/300, best max violation -2.932e-09
2.0161*4,2.1*17,2.15*1,2.2*1,2.35*1,sqrt6*4: feasible starts 52/300, best max violation -7.347e-10
2.0161*6,2.1*15,2.15*1,2.2*1,2.35*1,sqrt6*4: feasible starts 9/300, best max violation -5.327e-10
2.0161*8,2.1*13,2.15*1,2.2*1,2.35*1,sqrt6*4: feasible starts 0/300, best max violation 7.207e-04

The radial counts of the other cases (control: 29, where (C) is proved), seed 29:
2.05*14,2.1*6,2.15*1,2.2*1,2.35*2,sqrt6*3: feasible starts 128/200, best max violation -1.078e-08
2.05*15,2.1*5,2.15*2,2.2*1,2.444*1,sqrt6*2: feasible starts 164/200, best max violation -1.452e-09
2.05*17,2.1*4,2.15*1,2.2*1,2.444*1,sqrt6*1: feasible starts 190/200, best max violation -2.888e-09
2.0161*8,2.05*11,2.1*3,2.15*1,2.3*1,sqrt6*5: feasible starts 0/200, best max violation 2.253e-02

1000 starts (seed 37), the same distances: 300 starts were not enough to decide.
2.0161*7,2.1*14,2.15*1,2.2*1,2.35*1,sqrt6*4: feasible starts 12/1000, best max violation -5.188e-10
2.0161*8,2.1*13,2.15*1,2.2*1,2.35*1,sqrt6*4: feasible starts 1/1000, best max violation 3.302e-09
2.0161*9,2.1*12,2.15*1,2.2*1,2.35*1,sqrt6*4: feasible starts 1/1000, best max violation 4.615e-13
