statement (C) at 28 centres, case case28_lo13.json: combined certificate c28lo13b_d8_r1.npz, two-point degree 12/4, three-point degree 8; 60214 count vectors
  [ok] dmax exceeds sqrt 6
  [ok] A_1..A_D and [[A_0, z], [z^T, t]] positive semidefinite (exact LDL^T)  (t = 65.795580334, float t 65.795580333)
  [ok] three-point blocks positive definite (exact LDL^T)  (35 blocks)
  point terms: {'A': '0.208647', 'B': '0.145419', 'F': '0.033715'}
  pair AA: float largest K + PAIR3 - Pi 5.813446e-02 (file c2 5.813425e-02); threshold 5.813947e-02
  pair AB: float largest K + PAIR3 - Pi 6.430800e-02 (file c2 6.430800e-02); threshold 6.431300e-02
  pair AF: float largest K + PAIR3 - Pi 7.160842e-02 (file c2 7.160821e-02); threshold 7.161343e-02
  pair BB: float largest K + PAIR3 - Pi 6.596511e-02 (file c2 6.596460e-02); threshold 6.597015e-02
  pair BF: float largest K + PAIR3 - Pi 7.086813e-02 (file c2 7.086644e-02); threshold 7.087321e-02
  pair FF: float largest K + PAIR3 - Pi 7.557776e-02 (file c2 7.557772e-02); threshold 7.558276e-02
  [ok] K + PAIR3_AA <= Pi + c2 on the admissible pairs  (3167158 boxes closed, 2513403 set aside, Pi in Arb at 3167109 corners)
  [ok] K + PAIR3_AB <= Pi + c2 on the admissible pairs  (65434 boxes closed, 66823 set aside, Pi in Arb at 3154 corners)
  [ok] K + PAIR3_AF <= Pi + c2 on the admissible pairs  (30745 boxes closed, 31040 set aside, Pi in Arb at 0 corners)
  [ok] K + PAIR3_BB <= Pi + c2 on the admissible pairs  (3707 boxes closed, 3034 set aside, Pi in Arb at 434 corners)
  [ok] K + PAIR3_BF <= Pi + c2 on the admissible pairs  (12306 boxes closed, 11795 set aside, Pi in Arb at 0 corners)
  [ok] K + PAIR3_FF <= Pi + c2 on the admissible pairs  (6 boxes closed, 0 set aside, Pi in Arb at 0 corners)
  [ok] f <= m_b on every bin  (3698 intervals, least room 3.68e-10)
  triple AAA: float largest 8.320207e-04 on 649660 samples; threshold 8.325950e-04; 425 monomials, symmetry 2
  triple AAB: float largest 5.616402e-04 on 649656 samples; threshold 5.623316e-04; 425 monomials, symmetry 1
  triple AAF: float largest 3.215639e-04 on 649567 samples; threshold 3.222705e-04; 425 monomials, symmetry 1
  triple ABB: float largest 4.640639e-04 on 649516 samples; threshold 4.646916e-04; 425 monomials, symmetry 1
  triple ABF: float largest 3.201323e-04 on 649349 samples; threshold 3.215218e-04; 425 monomials, symmetry 0
