This is pdfTeX, Version 3.141592653-2.6-1.40.25 (TeX Live 2023/Debian) (preloaded format=pdflatex 2026.10.5)  6 OCT 2026 11:18
entering extended mode
 restricted \write18 enabled.
 %&-line parsing enabled.
**D4.tex
(./D4.tex
LaTeX2e <2023-11-01> patch level 1
L3 programming layer <2024-01-22>
(/usr/share/texlive/texmf-dist/tex/latex/amscls/amsart.cls
Document Class: amsart 2020/05/29 v2.20.6
\linespacing=\dimen140
\normalparindent=\dimen141
\normaltopskip=\skip48
(/usr/share/texlive/texmf-dist/tex/latex/amsmath/amsmath.sty
Package: amsmath 2023/05/13 v2.17o AMS math features
\@mathmargin=\skip49

For additional information on amsmath, use the `?' option.
(/usr/share/texlive/texmf-dist/tex/latex/amsmath/amstext.sty
Package: amstext 2021/08/26 v2.01 AMS text

(/usr/share/texlive/texmf-dist/tex/latex/amsmath/amsgen.sty
File: amsgen.sty 1999/11/30 v2.0 generic functions
\@emptytoks=\toks17
\ex@=\dimen142
))
(/usr/share/texlive/texmf-dist/tex/latex/amsmath/amsbsy.sty
Package: amsbsy 1999/11/29 v1.2d Bold Symbols
\pmbraise@=\dimen143
)
(/usr/share/texlive/texmf-dist/tex/latex/amsmath/amsopn.sty
Package: amsopn 2022/04/08 v2.04 operator names
)
\inf@bad=\count187
LaTeX Info: Redefining \frac on input line 234.
\uproot@=\count188
\leftroot@=\count189
LaTeX Info: Redefining \overline on input line 399.
LaTeX Info: Redefining \colon on input line 410.
\classnum@=\count190
\DOTSCASE@=\count191
LaTeX Info: Redefining \ldots on input line 496.
LaTeX Info: Redefining \dots on input line 499.
LaTeX Info: Redefining \cdots on input line 620.
\Mathstrutbox@=\box51
\strutbox@=\box52
LaTeX Info: Redefining \big on input line 722.
LaTeX Info: Redefining \Big on input line 723.
LaTeX Info: Redefining \bigg on input line 724.
LaTeX Info: Redefining \Bigg on input line 725.
\big@size=\dimen144
LaTeX Font Info:    Redeclaring font encoding OML on input line 743.
LaTeX Font Info:    Redeclaring font encoding OMS on input line 744.
\macc@depth=\count192
LaTeX Info: Redefining \bmod on input line 905.
LaTeX Info: Redefining \pmod on input line 910.
LaTeX Info: Redefining \smash on input line 940.
LaTeX Info: Redefining \relbar on input line 970.
LaTeX Info: Redefining \Relbar on input line 971.
\c@MaxMatrixCols=\count193
\dotsspace@=\muskip16
\c@parentequation=\count194
\dspbrk@lvl=\count195
\tag@help=\toks18
\row@=\count196
\column@=\count197
\maxfields@=\count198
\andhelp@=\toks19
\eqnshift@=\dimen145
\alignsep@=\dimen146
\tagshift@=\dimen147
\tagwidth@=\dimen148
\totwidth@=\dimen149
\lineht@=\dimen150
\@envbody=\toks20
\multlinegap=\skip50
\multlinetaggap=\skip51
\mathdisplay@stack=\toks21
LaTeX Info: Redefining \[ on input line 2953.
LaTeX Info: Redefining \] on input line 2954.
)
LaTeX Font Info:    Trying to load font information for U+msa on input line 397
.

(/usr/share/texlive/texmf-dist/tex/latex/amsfonts/umsa.fd
File: umsa.fd 2013/01/14 v3.01 AMS symbols A
)
(/usr/share/texlive/texmf-dist/tex/latex/amsfonts/amsfonts.sty
Package: amsfonts 2013/01/14 v3.01 Basic AMSFonts support
\symAMSa=\mathgroup4
\symAMSb=\mathgroup5
LaTeX Font Info:    Redeclaring math symbol \hbar on input line 98.
LaTeX Font Info:    Overwriting math alphabet `\mathfrak' in version `bold'
(Font)                  U/euf/m/n --> U/euf/b/n on input line 106.
)
\copyins=\insert199
\abstractbox=\box53
\listisep=\skip52
\c@part=\count266
\c@section=\count267
\c@subsection=\count268
\c@subsubsection=\count269
\c@paragraph=\count270
\c@subparagraph=\count271
\c@figure=\count272
\c@table=\count273
\abovecaptionskip=\skip53
\belowcaptionskip=\skip54
\captionindent=\dimen151
\thm@style=\toks22
\thm@bodyfont=\toks23
\thm@headfont=\toks24
\thm@notefont=\toks25
\thm@headpunct=\toks26
\thm@preskip=\skip55
\thm@postskip=\skip56
\thm@headsep=\skip57
\dth@everypar=\toks27
)
(/usr/share/texlive/texmf-dist/tex/latex/base/fontenc.sty
Package: fontenc 2021/04/29 v2.0v Standard LaTeX package
)
(/usr/share/texmf/tex/latex/lm/lmodern.sty
Package: lmodern 2015/05/01 v1.6.1 Latin Modern Fonts
LaTeX Font Info:    Overwriting symbol font `operators' in version `normal'
(Font)                  OT1/cmr/m/n --> OT1/lmr/m/n on input line 22.
LaTeX Font Info:    Overwriting symbol font `letters' in version `normal'
(Font)                  OML/cmm/m/it --> OML/lmm/m/it on input line 23.
LaTeX Font Info:    Overwriting symbol font `symbols' in version `normal'
(Font)                  OMS/cmsy/m/n --> OMS/lmsy/m/n on input line 24.
LaTeX Font Info:    Overwriting symbol font `largesymbols' in version `normal'
(Font)                  OMX/cmex/m/n --> OMX/lmex/m/n on input line 25.
LaTeX Font Info:    Overwriting symbol font `operators' in version `bold'
(Font)                  OT1/cmr/bx/n --> OT1/lmr/bx/n on input line 26.
LaTeX Font Info:    Overwriting symbol font `letters' in version `bold'
(Font)                  OML/cmm/b/it --> OML/lmm/b/it on input line 27.
LaTeX Font Info:    Overwriting symbol font `symbols' in version `bold'
(Font)                  OMS/cmsy/b/n --> OMS/lmsy/b/n on input line 28.
LaTeX Font Info:    Overwriting symbol font `largesymbols' in version `bold'
(Font)                  OMX/cmex/m/n --> OMX/lmex/m/n on input line 29.
LaTeX Font Info:    Overwriting math alphabet `\mathbf' in version `normal'
(Font)                  OT1/cmr/bx/n --> OT1/lmr/bx/n on input line 31.
LaTeX Font Info:    Overwriting math alphabet `\mathsf' in version `normal'
(Font)                  OT1/cmss/m/n --> OT1/lmss/m/n on input line 32.
LaTeX Font Info:    Overwriting math alphabet `\mathit' in version `normal'
(Font)                  OT1/cmr/m/it --> OT1/lmr/m/it on input line 33.
LaTeX Font Info:    Overwriting math alphabet `\mathtt' in version `normal'
(Font)                  OT1/cmtt/m/n --> OT1/lmtt/m/n on input line 34.
LaTeX Font Info:    Overwriting math alphabet `\mathbf' in version `bold'
(Font)                  OT1/cmr/bx/n --> OT1/lmr/bx/n on input line 35.
LaTeX Font Info:    Overwriting math alphabet `\mathsf' in version `bold'
(Font)                  OT1/cmss/bx/n --> OT1/lmss/bx/n on input line 36.
LaTeX Font Info:    Overwriting math alphabet `\mathit' in version `bold'
(Font)                  OT1/cmr/bx/it --> OT1/lmr/bx/it on input line 37.
LaTeX Font Info:    Overwriting math alphabet `\mathtt' in version `bold'
(Font)                  OT1/cmtt/m/n --> OT1/lmtt/m/n on input line 38.
)
(/usr/share/texlive/texmf-dist/tex/latex/amsfonts/amssymb.sty
Package: amssymb 2013/01/14 v3.01 AMS font symbols
)
(/usr/share/texlive/texmf-dist/tex/latex/mathtools/mathtools.sty
Package: mathtools 2022/06/29 v1.29 mathematical typesetting tools

(/usr/share/texlive/texmf-dist/tex/latex/graphics/keyval.sty
Package: keyval 2022/05/29 v1.15 key=value parser (DPC)
\KV@toks@=\toks28
)
(/usr/share/texlive/texmf-dist/tex/latex/tools/calc.sty
Package: calc 2023/07/08 v4.3 Infix arithmetic (KKT,FJ)
\calc@Acount=\count274
\calc@Bcount=\count275
\calc@Adimen=\dimen152
\calc@Bdimen=\dimen153
\calc@Askip=\skip58
\calc@Bskip=\skip59
LaTeX Info: Redefining \setlength on input line 80.
LaTeX Info: Redefining \addtolength on input line 81.
\calc@Ccount=\count276
\calc@Cskip=\skip60
)
(/usr/share/texlive/texmf-dist/tex/latex/mathtools/mhsetup.sty
Package: mhsetup 2021/03/18 v1.4 programming setup (MH)
)
\g_MT_multlinerow_int=\count277
\l_MT_multwidth_dim=\dimen154
\origjot=\skip61
\l_MT_shortvdotswithinadjustabove_dim=\dimen155
\l_MT_shortvdotswithinadjustbelow_dim=\dimen156
\l_MT_above_intertext_sep=\dimen157
\l_MT_below_intertext_sep=\dimen158
\l_MT_above_shortintertext_sep=\dimen159
\l_MT_below_shortintertext_sep=\dimen160
\xmathstrut@box=\box54
\xmathstrut@dim=\dimen161
)
(/usr/share/texlive/texmf-dist/tex/latex/enumitem/enumitem.sty
Package: enumitem 2019/06/20 v3.9 Customized lists
\labelindent=\skip62
\enit@outerparindent=\dimen162
\enit@toks=\toks29
\enit@inbox=\box55
\enit@count@id=\count278
\enitdp@description=\count279
)
(/usr/share/texlive/texmf-dist/tex/latex/xcolor/xcolor.sty
Package: xcolor 2023/11/15 v3.01 LaTeX color extensions (UK)

(/usr/share/texlive/texmf-dist/tex/latex/graphics-cfg/color.cfg
File: color.cfg 2016/01/02 v1.6 sample color configuration
)
Package xcolor Info: Driver file: pdftex.def on input line 274.

(/usr/share/texlive/texmf-dist/tex/latex/graphics-def/pdftex.def
File: pdftex.def 2022/09/22 v1.2b Graphics/color driver for pdftex
)
(/usr/share/texlive/texmf-dist/tex/latex/graphics/mathcolor.ltx)
Package xcolor Info: Model `cmy' substituted by `cmy0' on input line 1350.
Package xcolor Info: Model `hsb' substituted by `rgb' on input line 1354.
Package xcolor Info: Model `RGB' extended on input line 1366.
Package xcolor Info: Model `HTML' substituted by `rgb' on input line 1368.
Package xcolor Info: Model `Hsb' substituted by `hsb' on input line 1369.
Package xcolor Info: Model `tHsb' substituted by `hsb' on input line 1370.
Package xcolor Info: Model `HSB' substituted by `hsb' on input line 1371.
Package xcolor Info: Model `Gray' substituted by `gray' on input line 1372.
Package xcolor Info: Model `wave' substituted by `hsb' on input line 1373.
)
(/usr/share/texlive/texmf-dist/tex/latex/graphics/dvipsnam.def
File: dvipsnam.def 2016/06/17 v3.0m Driver-dependent file (DPC,SPQR)
)
(/usr/share/texlive/texmf-dist/tex/latex/booktabs/booktabs.sty
Package: booktabs 2020/01/12 v1.61803398 Publication quality tables
\heavyrulewidth=\dimen163
\lightrulewidth=\dimen164
\cmidrulewidth=\dimen165
\belowrulesep=\dimen166
\belowbottomsep=\dimen167
\aboverulesep=\dimen168
\abovetopsep=\dimen169
\cmidrulesep=\dimen170
\cmidrulekern=\dimen171
\defaultaddspace=\dimen172
\@cmidla=\count280
\@cmidlb=\count281
\@aboverulesep=\dimen173
\@belowrulesep=\dimen174
\@thisruleclass=\count282
\@lastruleclass=\count283
\@thisrulewidth=\dimen175
)
(/usr/share/texlive/texmf-dist/tex/latex/multirow/multirow.sty
Package: multirow 2021/03/15 v2.8 Span multiple rows of a table
\multirow@colwidth=\skip63
\multirow@cntb=\count284
\multirow@dima=\skip64
\bigstrutjot=\dimen176
)
(/usr/share/texlive/texmf-dist/tex/latex/tools/longtable.sty
Package: longtable 2023-11-01 v4.19 Multi-page Table package (DPC)
\LTleft=\skip65
\LTright=\skip66
\LTpre=\skip67
\LTpost=\skip68
\LTchunksize=\count285
\LTcapwidth=\dimen177
\LT@head=\box56
\LT@firsthead=\box57
\LT@foot=\box58
\LT@lastfoot=\box59
\LT@gbox=\box60
\LT@cols=\count286
\LT@rows=\count287
\c@LT@tables=\count288
\c@LT@chunks=\count289
\LT@p@ftn=\toks30
)
(/usr/share/texlive/texmf-dist/tex/latex/graphics/graphicx.sty
Package: graphicx 2021/09/16 v1.2d Enhanced LaTeX Graphics (DPC,SPQR)

(/usr/share/texlive/texmf-dist/tex/latex/graphics/graphics.sty
Package: graphics 2022/03/10 v1.4e Standard LaTeX Graphics (DPC,SPQR)

(/usr/share/texlive/texmf-dist/tex/latex/graphics/trig.sty
Package: trig 2021/08/11 v1.11 sin cos tan (DPC)
)
(/usr/share/texlive/texmf-dist/tex/latex/graphics-cfg/graphics.cfg
File: graphics.cfg 2016/06/04 v1.11 sample graphics configuration
)
Package graphics Info: Driver file: pdftex.def on input line 107.
)
\Gin@req@height=\dimen178
\Gin@req@width=\dimen179
)
(/usr/share/texlive/texmf-dist/tex/latex/microtype/microtype.sty
Package: microtype 2023/03/13 v3.1a Micro-typographical refinements (RS)

(/usr/share/texlive/texmf-dist/tex/latex/etoolbox/etoolbox.sty
Package: etoolbox 2020/10/05 v2.5k e-TeX tools for LaTeX (JAW)
\etb@tempcnta=\count290
)
\MT@toks=\toks31
\MT@tempbox=\box61
\MT@count=\count291
LaTeX Info: Redefining \noprotrusionifhmode on input line 1059.
LaTeX Info: Redefining \leftprotrusion on input line 1060.
\MT@prot@toks=\toks32
LaTeX Info: Redefining \rightprotrusion on input line 1078.
LaTeX Info: Redefining \textls on input line 1368.
\MT@outer@kern=\dimen180
LaTeX Info: Redefining \textmicrotypecontext on input line 1988.
\MT@listname@count=\count292

(/usr/share/texlive/texmf-dist/tex/latex/microtype/microtype-pdftex.def
File: microtype-pdftex.def 2023/03/13 v3.1a Definitions specific to pdftex (RS)

LaTeX Info: Redefining \lsstyle on input line 902.
LaTeX Info: Redefining \lslig on input line 902.
\MT@outer@space=\skip69
)
Package microtype Info: Loading configuration file microtype.cfg.

(/usr/share/texlive/texmf-dist/tex/latex/microtype/microtype.cfg
File: microtype.cfg 2023/03/13 v3.1a microtype main configuration file (RS)
))
(/usr/share/texlive/texmf-dist/tex/latex/geometry/geometry.sty
Package: geometry 2020/01/02 v5.9 Page Geometry

(/usr/share/texlive/texmf-dist/tex/generic/iftex/ifvtex.sty
Package: ifvtex 2019/10/25 v1.7 ifvtex legacy package. Use iftex instead.

(/usr/share/texlive/texmf-dist/tex/generic/iftex/iftex.sty
Package: iftex 2022/02/03 v1.0f TeX engine tests
))
\Gm@cnth=\count293
\Gm@cntv=\count294
\c@Gm@tempcnt=\count295
\Gm@bindingoffset=\dimen181
\Gm@wd@mp=\dimen182
\Gm@odd@mp=\dimen183
\Gm@even@mp=\dimen184
\Gm@layoutwidth=\dimen185
\Gm@layoutheight=\dimen186
\Gm@layouthoffset=\dimen187
\Gm@layoutvoffset=\dimen188
\Gm@dimlist=\toks33
)
(/usr/share/texlive/texmf-dist/tex/latex/hyperref/hyperref.sty
Package: hyperref 2024-01-20 v7.01h Hypertext links for LaTeX

(/usr/share/texlive/texmf-dist/tex/latex/kvsetkeys/kvsetkeys.sty
Package: kvsetkeys 2022-10-05 v1.19 Key value parser (HO)
)
(/usr/share/texlive/texmf-dist/tex/generic/kvdefinekeys/kvdefinekeys.sty
Package: kvdefinekeys 2019-12-19 v1.6 Define keys (HO)
)
(/usr/share/texlive/texmf-dist/tex/generic/pdfescape/pdfescape.sty
Package: pdfescape 2019/12/09 v1.15 Implements pdfTeX's escape features (HO)

(/usr/share/texlive/texmf-dist/tex/generic/ltxcmds/ltxcmds.sty
Package: ltxcmds 2023-12-04 v1.26 LaTeX kernel commands for general use (HO)
)
(/usr/share/texlive/texmf-dist/tex/generic/pdftexcmds/pdftexcmds.sty
Package: pdftexcmds 2020-06-27 v0.33 Utility functions of pdfTeX for LuaTeX (HO
)

(/usr/share/texlive/texmf-dist/tex/generic/infwarerr/infwarerr.sty
Package: infwarerr 2019/12/03 v1.5 Providing info/warning/error messages (HO)
)
Package pdftexcmds Info: \pdf@primitive is available.
Package pdftexcmds Info: \pdf@ifprimitive is available.
Package pdftexcmds Info: \pdfdraftmode found.
))
(/usr/share/texlive/texmf-dist/tex/latex/hycolor/hycolor.sty
Package: hycolor 2020-01-27 v1.10 Color options for hyperref/bookmark (HO)
)
(/usr/share/texlive/texmf-dist/tex/latex/auxhook/auxhook.sty
Package: auxhook 2019-12-17 v1.6 Hooks for auxiliary files (HO)
)
(/usr/share/texlive/texmf-dist/tex/latex/hyperref/nameref.sty
Package: nameref 2023-11-26 v2.56 Cross-referencing by name of section

(/usr/share/texlive/texmf-dist/tex/latex/refcount/refcount.sty
Package: refcount 2019/12/15 v3.6 Data extraction from label references (HO)
)
(/usr/share/texlive/texmf-dist/tex/generic/gettitlestring/gettitlestring.sty
Package: gettitlestring 2019/12/15 v1.6 Cleanup title references (HO)

(/usr/share/texlive/texmf-dist/tex/latex/kvoptions/kvoptions.sty
Package: kvoptions 2022-06-15 v3.15 Key value format for package options (HO)
))
\c@section@level=\count296
)
\@linkdim=\dimen189
\Hy@linkcounter=\count297
\Hy@pagecounter=\count298

(/usr/share/texlive/texmf-dist/tex/latex/hyperref/pd1enc.def
File: pd1enc.def 2024-01-20 v7.01h Hyperref: PDFDocEncoding definition (HO)
Now handling font encoding PD1 ...
... no UTF-8 mapping file for font encoding PD1
)
(/usr/share/texlive/texmf-dist/tex/generic/intcalc/intcalc.sty
Package: intcalc 2019/12/15 v1.3 Expandable calculations with integers (HO)
)
\Hy@SavedSpaceFactor=\count299

(/usr/share/texlive/texmf-dist/tex/latex/hyperref/puenc.def
File: puenc.def 2024-01-20 v7.01h Hyperref: PDF Unicode definition (HO)
Now handling font encoding PU ...
... no UTF-8 mapping file for font encoding PU
)
Package hyperref Info: Option `colorlinks' set `true' on input line 4062.
Package hyperref Info: Hyper figures OFF on input line 4179.
Package hyperref Info: Link nesting OFF on input line 4184.
Package hyperref Info: Hyper index ON on input line 4187.
Package hyperref Info: Plain pages OFF on input line 4194.
Package hyperref Info: Backreferencing OFF on input line 4199.
Package hyperref Info: Implicit mode ON; LaTeX internals redefined.
Package hyperref Info: Bookmarks ON on input line 4446.
\c@Hy@tempcnt=\count300

(/usr/share/texlive/texmf-dist/tex/latex/url/url.sty
\Urlmuskip=\muskip17
Package: url 2013/09/16  ver 3.4  Verb mode for urls, etc.
)
LaTeX Info: Redefining \url on input line 4784.
\XeTeXLinkMargin=\dimen190

(/usr/share/texlive/texmf-dist/tex/generic/bitset/bitset.sty
Package: bitset 2019/12/09 v1.3 Handle bit-vector datatype (HO)

(/usr/share/texlive/texmf-dist/tex/generic/bigintcalc/bigintcalc.sty
Package: bigintcalc 2019/12/15 v1.5 Expandable calculations on big integers (HO
)
))
\Fld@menulength=\count301
\Field@Width=\dimen191
\Fld@charsize=\dimen192
Package hyperref Info: Hyper figures OFF on input line 6063.
Package hyperref Info: Link nesting OFF on input line 6068.
Package hyperref Info: Hyper index ON on input line 6071.
Package hyperref Info: backreferencing OFF on input line 6078.
Package hyperref Info: Link coloring ON on input line 6081.
Package hyperref Info: Link coloring with OCG OFF on input line 6088.
Package hyperref Info: PDF/A mode OFF on input line 6093.

(/usr/share/texlive/texmf-dist/tex/latex/base/atbegshi-ltx.sty
Package: atbegshi-ltx 2021/01/10 v1.0c Emulation of the original atbegshi
package with kernel methods
)
\Hy@abspage=\count302
\c@Item=\count303
\c@Hfootnote=\count304
)
Package hyperref Info: Driver (autodetected): hpdftex.

(/usr/share/texlive/texmf-dist/tex/latex/hyperref/hpdftex.def
File: hpdftex.def 2024-01-20 v7.01h Hyperref driver for pdfTeX

(/usr/share/texlive/texmf-dist/tex/latex/base/atveryend-ltx.sty
Package: atveryend-ltx 2020/08/19 v1.0a Emulation of the original atveryend pac
kage
with kernel methods
)
\Fld@listcount=\count305
\c@bookmark@seq@number=\count306

(/usr/share/texlive/texmf-dist/tex/latex/rerunfilecheck/rerunfilecheck.sty
Package: rerunfilecheck 2022-07-10 v1.10 Rerun checks for auxiliary files (HO)

(/usr/share/texlive/texmf-dist/tex/generic/uniquecounter/uniquecounter.sty
Package: uniquecounter 2019/12/15 v1.4 Provide unlimited unique counter (HO)
)
Package uniquecounter Info: New unique counter `rerunfilecheck' on input line 2
85.
)
\Hy@SectionHShift=\skip70
)
(/usr/share/texlive/texmf-dist/tex/latex/cleveref/cleveref.sty
Package: cleveref 2018/03/27 v0.21.4 Intelligent cross-referencing
Package cleveref Info: `hyperref' support loaded on input line 2370.
LaTeX Info: Redefining \cref on input line 2370.
LaTeX Info: Redefining \Cref on input line 2370.
LaTeX Info: Redefining \crefrange on input line 2370.
LaTeX Info: Redefining \Crefrange on input line 2370.
LaTeX Info: Redefining \cpageref on input line 2370.
LaTeX Info: Redefining \Cpageref on input line 2370.
LaTeX Info: Redefining \cpagerefrange on input line 2370.
LaTeX Info: Redefining \Cpagerefrange on input line 2370.
LaTeX Info: Redefining \labelcref on input line 2370.
LaTeX Info: Redefining \labelcpageref on input line 2370.
Package cleveref Info: `amsthm' support loaded on input line 3026.
Package cleveref Info: always capitalise cross-reference names on input line 78
25.
Package cleveref Info: always capitalise cross-reference names on input line 78
52.
Package cleveref Info: no abbreviation of names on input line 7852.
)
(/usr/share/texlive/texmf-dist/tex/latex/morefloats/morefloats.sty
Package: morefloats 2015/07/22 v1.0h Raise limit of unprocessed floats (HMM)
Package morefloats Info: Maximum number of possible floats asked for: 120
(morefloats)             (i.e. 102 more floats).
(morefloats)             LaTeX might run out of memory before this
(morefloats)             (in which case it will notify you).
)
\c@thm=\count307
LaTeX Font Info:    Trying to load font information for T1+lmr on input line 14
4.

(/usr/share/texmf/tex/latex/lm/t1lmr.fd
File: t1lmr.fd 2015/05/01 v1.6.1 Font defs for Latin Modern
)
(/usr/share/texlive/texmf-dist/tex/latex/l3backend/l3backend-pdftex.def
File: l3backend-pdftex.def 2024-01-04 L3 backend support: PDF output (pdfTeX)
\l__color_backend_stack_int=\count308
\l__pdf_internal_box=\box62
)
(./D4.aux)
\openout1 = `D4.aux'.

LaTeX Font Info:    Checking defaults for OML/cmm/m/it on input line 144.
LaTeX Font Info:    ... okay on input line 144.
LaTeX Font Info:    Checking defaults for OMS/cmsy/m/n on input line 144.
LaTeX Font Info:    ... okay on input line 144.
LaTeX Font Info:    Checking defaults for OT1/cmr/m/n on input line 144.
LaTeX Font Info:    ... okay on input line 144.
LaTeX Font Info:    Checking defaults for T1/cmr/m/n on input line 144.
LaTeX Font Info:    ... okay on input line 144.
LaTeX Font Info:    Checking defaults for TS1/cmr/m/n on input line 144.
LaTeX Font Info:    ... okay on input line 144.
LaTeX Font Info:    Checking defaults for OMX/cmex/m/n on input line 144.
LaTeX Font Info:    ... okay on input line 144.
LaTeX Font Info:    Checking defaults for U/cmr/m/n on input line 144.
LaTeX Font Info:    ... okay on input line 144.
LaTeX Font Info:    Checking defaults for PD1/pdf/m/n on input line 144.
LaTeX Font Info:    ... okay on input line 144.
LaTeX Font Info:    Checking defaults for PU/pdf/m/n on input line 144.
LaTeX Font Info:    ... okay on input line 144.
LaTeX Font Info:    Trying to load font information for OT1+lmr on input line 1
44.
 (/usr/share/texmf/tex/latex/lm/ot1lmr.fd
File: ot1lmr.fd 2015/05/01 v1.6.1 Font defs for Latin Modern
)
LaTeX Font Info:    Trying to load font information for OML+lmm on input line 1
44.

(/usr/share/texmf/tex/latex/lm/omllmm.fd
File: omllmm.fd 2015/05/01 v1.6.1 Font defs for Latin Modern
)
LaTeX Font Info:    Trying to load font information for OMS+lmsy on input line 
144.

(/usr/share/texmf/tex/latex/lm/omslmsy.fd
File: omslmsy.fd 2015/05/01 v1.6.1 Font defs for Latin Modern
)
LaTeX Font Info:    Trying to load font information for OMX+lmex on input line 
144.

(/usr/share/texmf/tex/latex/lm/omxlmex.fd
File: omxlmex.fd 2015/05/01 v1.6.1 Font defs for Latin Modern
)
LaTeX Font Info:    External font `lmex10' loaded for size
(Font)              <9> on input line 144.
LaTeX Font Info:    External font `lmex10' loaded for size
(Font)              <6> on input line 144.
LaTeX Font Info:    External font `lmex10' loaded for size
(Font)              <5> on input line 144.
LaTeX Font Info:    Trying to load font information for U+msa on input line 144
.

(/usr/share/texlive/texmf-dist/tex/latex/amsfonts/umsa.fd
File: umsa.fd 2013/01/14 v3.01 AMS symbols A
)
LaTeX Font Info:    Trying to load font information for U+msb on input line 144
.

(/usr/share/texlive/texmf-dist/tex/latex/amsfonts/umsb.fd
File: umsb.fd 2013/01/14 v3.01 AMS symbols B
)
(/usr/share/texlive/texmf-dist/tex/context/base/mkii/supp-pdf.mkii
[Loading MPS to PDF converter (version 2006.09.02).]
\scratchcounter=\count309
\scratchdimen=\dimen193
\scratchbox=\box63
\nofMPsegments=\count310
\nofMParguments=\count311
\everyMPshowfont=\toks34
\MPscratchCnt=\count312
\MPscratchDim=\dimen194
\MPnumerator=\count313
\makeMPintoPDFobject=\count314
\everyMPtoPDFconversion=\toks35
) (/usr/share/texlive/texmf-dist/tex/latex/epstopdf-pkg/epstopdf-base.sty
Package: epstopdf-base 2020-01-24 v2.11 Base part for package epstopdf

(/usr/share/texlive/texmf-dist/tex/latex/grfext/grfext.sty
Package: grfext 2019/12/03 v1.3 Manage graphics extensions (HO)
)
Package epstopdf-base Info: Redefining graphics rule for `.eps' on input line 4
85.
Package grfext Info: Graphics extension search list:
(grfext)             [.png,.eps]
(grfext)             \AppendGraphicsExtensions on input line 504.

(/usr/share/texlive/texmf-dist/tex/latex/latexconfig/epstopdf-sys.cfg
File: epstopdf-sys.cfg 2010/07/13 v1.3 Configuration of (r)epstopdf for TeX Liv
e
))
LaTeX Info: Redefining \microtypecontext on input line 144.
Package microtype Info: Applying patch `item' on input line 144.
Package microtype Info: Applying patch `toc' on input line 144.
Package microtype Info: Applying patch `eqnum' on input line 144.
Package microtype Info: Applying patch `footnote' on input line 144.
Package microtype Info: Applying patch `verbatim' on input line 144.
Package microtype Info: Generating PDF output.
Package microtype Info: Character protrusion enabled (level 2).
Package microtype Info: Using default protrusion set `alltext'.
Package microtype Info: No font expansion.
Package microtype Info: No adjustment of tracking.
Package microtype Info: No adjustment of interword spacing.
Package microtype Info: No adjustment of character kerning.

(/usr/share/texlive/texmf-dist/tex/latex/microtype/mt-cmr.cfg
File: mt-cmr.cfg 2013/05/19 v2.2 microtype config. file: Computer Modern Roman 
(RS)
)
*geometry* driver: auto-detecting
*geometry* detected driver: pdftex
*geometry* verbose mode - [ preamble ] result:
* driver: pdftex
* paper: letterpaper
* layout: <same size as paper>
* layoutoffset:(h,v)=(0.0pt,0.0pt)
* modes: twoside 
* h-part:(L,W,R)=(90.3375pt, 433.62001pt, 90.3375pt)
* v-part:(T,H,B)=(79.49744pt, 632.3625pt, 83.11005pt)
* \paperwidth=614.295pt
* \paperheight=794.96999pt
* \textwidth=433.62001pt
* \textheight=632.3625pt
* \oddsidemargin=18.0675pt
* \evensidemargin=18.0675pt
* \topmargin=-14.77255pt
* \headheight=8.0pt
* \headsep=14.0pt
* \topskip=10.0pt
* \footskip=12.0pt
* \marginparwidth=90.0pt
* \marginparsep=11.0pt
* \columnsep=10.0pt
* \skip\footins=7.0pt plus 11.0pt
* \hoffset=0.0pt
* \voffset=0.0pt
* \mag=1000
* \@twocolumnfalse
* \@twosidetrue
* \@mparswitchtrue
* \@reversemarginfalse
* (1in=72.27pt=25.4mm, 1cm=28.453pt)

Package hyperref Info: Link coloring ON on input line 144.
(./D4.out) (./D4.out)
\@outlinefile=\write3
\openout3 = `D4.out'.

Package microtype Info: Character `029' is missing
(microtype)             in font `T1/lmr/m/sc/9'.
(microtype)             Ignoring protrusion settings for this character.
LaTeX Font Info:    Trying to load font information for T1+lmtt on input line 1
99.
 (/usr/share/texmf/tex/latex/lm/t1lmtt.fd
File: t1lmtt.fd 2015/05/01 v1.6.1 Font defs for Latin Modern
)
Package microtype Info: Loading generic protrusion settings for font family
(microtype)             `lmtt' (encoding: T1).
(microtype)             For optimal results, create family-specific settings.
(microtype)             See the microtype manual for details.
Package microtype Info: Character `029' is missing
(microtype)             in font `T1/lmr/m/sc/10.95'.
(microtype)             Ignoring protrusion settings for this character.
 (./D4.toc
LaTeX Font Info:    External font `lmex10' loaded for size
(Font)              <10.95> on input line 6.
LaTeX Font Info:    External font `lmex10' loaded for size
(Font)              <8> on input line 6.

(/usr/share/texlive/texmf-dist/tex/latex/microtype/mt-msa.cfg
File: mt-msa.cfg 2006/02/04 v1.1 microtype config. file: AMS symbols (a) (RS)
)
(/usr/share/texlive/texmf-dist/tex/latex/microtype/mt-msb.cfg
File: mt-msb.cfg 2005/06/01 v1.0 microtype config. file: AMS symbols (b) (RS)
))
\tf@toc=\write4
\openout4 = `D4.toc'.

 [1{/var/lib/texmf/fonts/map/pdftex/updmap/pdftex.map}{/usr/share/texmf/fonts/e
nc/dvips/lm/lm-ec.enc}{/usr/share/texmf/fonts/enc/dvips/lm/lm-mathsy.enc}{/usr/
share/texmf/fonts/enc/dvips/lm/lm-rm.enc}{/usr/share/texmf/fonts/enc/dvips/lm/l
m-mathit.enc}]
LaTeX Font Info:    Trying to load font information for OT1+lmss on input line 
261.

(/usr/share/texmf/tex/latex/lm/ot1lmss.fd
File: ot1lmss.fd 2015/05/01 v1.6.1 Font defs for Latin Modern
)
Package microtype Info: Loading generic protrusion settings for font family
(microtype)             `lmss' (encoding: OT1).
(microtype)             For optimal results, create family-specific settings.
(microtype)             See the microtype manual for details.
 [2{/usr/share/texmf/fonts/enc/dvips/lm/lm-mathex.enc}] [3]
<figures/fig_tikz_proofmap.png, id=273, 392.28156pt x 324.05869pt>
File: figures/fig_tikz_proofmap.png Graphic file (type png)
<use figures/fig_tikz_proofmap.png>
Package pdftex.def Info: figures/fig_tikz_proofmap.png  used on input line 393.

(pdftex.def)             Requested size: 407.60387pt x 336.7411pt.
 [4] [5 <./figures/fig_tikz_proofmap.png (PNG copy)>]
<figures/fig_c_corner.png, id=354, 1714.405pt x 1847.90375pt>
File: figures/fig_c_corner.png Graphic file (type png)
<use figures/fig_c_corner.png>
Package pdftex.def Info: figures/fig_c_corner.png  used on input line 551.
(pdftex.def)             Requested size: 338.22307pt x 364.55519pt.

[6] [7 <./figures/fig_c_corner.png (PNG copy)>] [8] [9]
<figures/fig_c_cell24.png, id=453, 373.45523pt x 226.9278pt>
File: figures/fig_c_cell24.png Graphic file (type png)
<use figures/fig_c_cell24.png>
Package pdftex.def Info: figures/fig_c_cell24.png  used on input line 755.
(pdftex.def)             Requested size: 433.62001pt x 263.49611pt.
 [10 <./figures/fig_c_cell24.png (PNG copy)>]
<figures/fig_tikz_radii.png, id=466, 397.34045pt x 232.13124pt>
File: figures/fig_tikz_radii.png Graphic file (type png)
<use figures/fig_tikz_radii.png>
Package pdftex.def Info: figures/fig_tikz_radii.png  used on input line 828.
(pdftex.def)             Requested size: 390.25536pt x 228.00418pt.
 [11] [12 <./figures/fig_tikz_radii.png (PNG copy)>]
[13]
<figures/fig_tikz_saturation.png, id=516, 287.92368pt x 235.31113pt>
File: figures/fig_tikz_saturation.png Graphic file (type png)
<use figures/fig_tikz_saturation.png>
Package pdftex.def Info: figures/fig_tikz_saturation.png  used on input line 10
13.
(pdftex.def)             Requested size: 268.84229pt x 219.72752pt.
 [14 <./figures/fig_tikz_saturation.png (PNG copy)>] [15] [16] [17]
[18] [19] [20] [21]
<figures/fig_free_volume.png, id=688, 2877.75125pt x 1295.84125pt>
File: figures/fig_free_volume.png Graphic file (type png)
<use figures/fig_free_volume.png>
Package pdftex.def Info: figures/fig_free_volume.png  used on input line 1612.
(pdftex.def)             Requested size: 398.92961pt x 179.63698pt.
 [22 <./figures/fig_free_volume.png (PNG copy)>] [23]
[24] [25] [26]
<figures/fig_c_boundary.png, id=782, 2692.0575pt x 1200.485pt>
File: figures/fig_c_boundary.png Graphic file (type png)
<use figures/fig_c_boundary.png>
Package pdftex.def Info: figures/fig_c_boundary.png  used on input line 1996.
(pdftex.def)             Requested size: 433.62001pt x 193.36377pt.
 [27 <./figures/fig_c_boundary.png (PNG copy)>] [28]
LaTeX Font Info:    External font `lmex10' loaded for size
(Font)              <10> on input line 2133.
LaTeX Font Info:    External font `lmex10' loaded for size
(Font)              <7> on input line 2133.
 [29]
[30] [31] [32] [33] [34] [35] [36] [37]
<figures/fig_c_sigma2.png, id=973, 2995.19pt x 2113.8975pt>
File: figures/fig_c_sigma2.png Graphic file (type png)
<use figures/fig_c_sigma2.png>
Package pdftex.def Info: figures/fig_c_sigma2.png  used on input line 2822.
(pdftex.def)             Requested size: 433.62001pt x 306.00734pt.
<figures/fig_c_d4contacts.png, id=983, 2891.80376pt x 1243.64626pt>
File: figures/fig_c_d4contacts.png Graphic file (type png)
<use figures/fig_c_d4contacts.png>
Package pdftex.def Info: figures/fig_c_d4contacts.png  used on input line 2855.

(pdftex.def)             Requested size: 433.62001pt x 186.48195pt.
LaTeX Font Info:    Trying to load font information for OT1+lmtt on input line 
2913.

(/usr/share/texmf/tex/latex/lm/ot1lmtt.fd
File: ot1lmtt.fd 2015/05/01 v1.6.1 Font defs for Latin Modern
)
Package microtype Info: Loading generic protrusion settings for font family
(microtype)             `lmtt' (encoding: OT1).
(microtype)             For optimal results, create family-specific settings.
(microtype)             See the microtype manual for details.
 [38] [39{/usr/share/texmf/fonts/enc/dvips/lm/lm-rmtt.enc} <./figures/fig_c_sig
ma2.png (PNG copy)>] [40 <./figures/fig_c_d4contacts.png (PNG copy)>]
<figures/fig_c_verify.png, id=1042, 2828.5675pt x 982.67125pt>
File: figures/fig_c_verify.png Graphic file (type png)
<use figures/fig_c_verify.png>
Package pdftex.def Info: figures/fig_c_verify.png  used on input line 3020.
(pdftex.def)             Requested size: 433.62001pt x 150.6331pt.
 [41] [42 <./figures/fig_c_verify.png (PNG copy)>] [43] [44] [45] [46] [47]
<figures/fig_c_counting.png, id=1156, 2942.995pt x 2049.6575pt>
File: figures/fig_c_counting.png Graphic file (type png)
<use figures/fig_c_counting.png>
Package pdftex.def Info: figures/fig_c_counting.png  used on input line 3484.
(pdftex.def)             Requested size: 433.62001pt x 301.99347pt.
 [48] [49 <./figures/fig_c_counting.png (PNG copy)>] [50]
<figures/fig_tikz_pairs.png, id=1212, 504.58914pt x 192.9609pt>
File: figures/fig_tikz_pairs.png Graphic file (type png)
<use figures/fig_tikz_pairs.png>
Package pdftex.def Info: figures/fig_tikz_pairs.png  used on input line 3701.
(pdftex.def)             Requested size: 433.62001pt x 165.8283pt.
 [51 <./figures/fig_tikz_pairs.png (PNG copy)>] [52] [53] [54] [55]
<figures/fig_c_rig.png, id=1291, 334.97145pt x 327.3831pt>
File: figures/fig_c_rig.png Graphic file (type png)
<use figures/fig_c_rig.png>
Package pdftex.def Info: figures/fig_c_rig.png  used on input line 4109.
(pdftex.def)             Requested size: 355.57158pt x 347.51398pt.

[56] [57 <./figures/fig_c_rig.png>] [58]
<figures/fig_c_rootmeet.png, id=1337, 2193.19376pt x 1182.4175pt>
File: figures/fig_c_rootmeet.png Graphic file (type png)
<use figures/fig_c_rootmeet.png>
Package pdftex.def Info: figures/fig_c_rootmeet.png  used on input line 4321.
(pdftex.def)             Requested size: 433.62001pt x 233.77298pt.
 [59] [60 <./figures/fig_c_rootmeet.png (PNG copy)>] [61] [62]
<figures/fig_c_structab.png, id=1401, 332.442pt x 172.7253pt>
File: figures/fig_c_structab.png Graphic file (type png)
<use figures/fig_c_structab.png>
Package pdftex.def Info: figures/fig_c_structab.png  used on input line 4562.
(pdftex.def)             Requested size: 372.91347pt x 193.75409pt.
<figures/fig_c_structcd.png, id=1402, 321.78218pt x 175.79677pt>
File: figures/fig_c_structcd.png Graphic file (type png)
<use figures/fig_c_structcd.png>
Package pdftex.def Info: figures/fig_c_structcd.png  used on input line 4569.
(pdftex.def)             Requested size: 372.91347pt x 203.72856pt.
 [63 <./figures/fig_c_structab.png (PNG copy)>] [64 <./figures/fig_c_structcd.p
ng (PNG copy)>] [65]
<figures/fig_c_slack.png, id=1425, 2193.19376pt x 967.615pt>
File: figures/fig_c_slack.png Graphic file (type png)
<use figures/fig_c_slack.png>
Package pdftex.def Info: figures/fig_c_slack.png  used on input line 4714.
(pdftex.def)             Requested size: 433.62001pt x 191.30489pt.
 [66 <./figures/fig_c_slack.png (PNG copy)>] [67]
<figures/fig_c_pf1.png, id=1469, 1889.0575pt x 992.70876pt>
File: figures/fig_c_pf1.png Graphic file (type png)
<use figures/fig_c_pf1.png>
Package pdftex.def Info: figures/fig_c_pf1.png  used on input line 4895.
(pdftex.def)             Requested size: 372.91347pt x 195.96315pt.
<figures/fig_c_pf2.png, id=1470, 923.45pt x 972.63374pt>
File: figures/fig_c_pf2.png Graphic file (type png)
<use figures/fig_c_pf2.png>
Package pdftex.def Info: figures/fig_c_pf2.png  used on input line 4902.
(pdftex.def)             Requested size: 182.1196pt x 191.80736pt.
 [68] [69 <./figures/fig_c_pf1.png (PNG copy)>] [70 <./figures/fig_c_pf2.png (P
NG copy)>] [71] [72]
<figures/fig_c_certificate.png, id=1549, 2193.19376pt x 1121.18875pt>
File: figures/fig_c_certificate.png Graphic file (type png)
<use figures/fig_c_certificate.png>
Package pdftex.def Info: figures/fig_c_certificate.png  used on input line 5219
.
(pdftex.def)             Requested size: 433.62001pt x 221.66759pt.
 [73]
<figures/fig_c_domain3d.png, id=1570, 2193.19376pt x 1176.395pt>
File: figures/fig_c_domain3d.png Graphic file (type png)
<use figures/fig_c_domain3d.png>
Package pdftex.def Info: figures/fig_c_domain3d.png  used on input line 5267.
(pdftex.def)             Requested size: 433.62001pt x 232.58229pt.
 [74 <./figures/fig_c_certificate.png (PNG copy)>] [75 <./figures/fig_c_domain3
d.png (PNG copy)>] [76]
<figures/fig_tikz_eps0.png, id=1608, 492.73686pt x 375.804pt>
File: figures/fig_tikz_eps0.png Graphic file (type png)
<use figures/fig_tikz_eps0.png>
Package pdftex.def Info: figures/fig_tikz_eps0.png  used on input line 5443.
(pdftex.def)             Requested size: 433.62001pt x 330.72574pt.
 [77] [78 <./figures/fig_tikz_eps0.png (PNG copy)>] [79]
<figures/fig_cardinality.png, id=1658, 413.20372pt x 192.41887pt>
File: figures/fig_cardinality.png Graphic file (type png)
<use figures/fig_cardinality.png>
Package pdftex.def Info: figures/fig_cardinality.png  used on input line 5616.
(pdftex.def)             Requested size: 433.62001pt x 201.93126pt.
 [80 <./figures/fig_cardinality.png>]
[81]
<figures/fig_c_cap.png, id=1681, 2805.48125pt x 1133.23375pt>
File: figures/fig_c_cap.png Graphic file (type png)
<use figures/fig_c_cap.png>
Package pdftex.def Info: figures/fig_c_cap.png  used on input line 5777.
(pdftex.def)             Requested size: 433.62001pt x 175.14795pt.
 [82] [83 <./figures/fig_c_cap.png (PNG copy)>] [84] [85] [86]
<figures/fig_tikz_capscheme.png, id=1738, 452.98836pt x 229.24043pt>
File: figures/fig_tikz_capscheme.png Graphic file (type png)
<use figures/fig_tikz_capscheme.png>
Package pdftex.def Info: figures/fig_tikz_capscheme.png  used on input line 610
8.
(pdftex.def)             Requested size: 433.62001pt x 219.44568pt.
 [87]
[88 <./figures/fig_tikz_capscheme.png (PNG copy)>] [89]
<figures/fig_c_defect.png, id=1783, 2193.19376pt x 1233.60875pt>
File: figures/fig_c_defect.png Graphic file (type png)
<use figures/fig_c_defect.png>
Package pdftex.def Info: figures/fig_c_defect.png  used on input line 6315.
(pdftex.def)             Requested size: 433.62001pt x 243.89388pt.
 [90] [91 <./figures/fig_c_defect.png (PNG copy)>]
<figures/fig_noncontact.png, id=1825, 509.14215pt x 166.221pt>
File: figures/fig_noncontact.png Graphic file (type png)
<use figures/fig_noncontact.png>
Package pdftex.def Info: figures/fig_noncontact.png  used on input line 6463.
(pdftex.def)             Requested size: 433.62001pt x 141.56749pt.
 [92]
<figures/fig_tikz_closure.png, id=1849, 335.76642pt x 165.4983pt>
File: figures/fig_tikz_closure.png Graphic file (type png)
<use figures/fig_tikz_closure.png>
Package pdftex.def Info: figures/fig_tikz_closure.png  used on input line 6553.

(pdftex.def)             Requested size: 398.92961pt x 196.63983pt.
 [93 <./figures/fig_noncontact.png>] [94 <./figures/fig_tikz_closure.png (PNG c
opy)>]
<figures/fig_closure.png, id=1869, 520.52467pt x 193.6836pt>
File: figures/fig_closure.png Graphic file (type png)
<use figures/fig_closure.png>
Package pdftex.def Info: figures/fig_closure.png  used on input line 6632.
(pdftex.def)             Requested size: 433.62001pt x 161.35135pt.
 [95 <./figures/fig_closure.png>]
<figures/fig_tikz_labelled.png, id=1887, 494.3268pt x 186.02298pt>
File: figures/fig_tikz_labelled.png Graphic file (type png)
<use figures/fig_tikz_labelled.png>
Package pdftex.def Info: figures/fig_tikz_labelled.png  used on input line 6725
.
(pdftex.def)             Requested size: 433.62001pt x 163.18127pt.
 [96]
[97 <./figures/fig_tikz_labelled.png (PNG copy)>] [98]
<figures/fig_labelled.png, id=1939, 509.14215pt x 198.0198pt>
File: figures/fig_labelled.png Graphic file (type png)
<use figures/fig_labelled.png>
Package pdftex.def Info: figures/fig_labelled.png  used on input line 6884.
(pdftex.def)             Requested size: 433.62001pt x 168.65pt.
<figures/fig_tikz_stop.png, id=1949, 462.38345pt x 201.34422pt>
File: figures/fig_tikz_stop.png Graphic file (type png)
<use figures/fig_tikz_stop.png>
Package pdftex.def Info: figures/fig_tikz_stop.png  used on input line 6934.
(pdftex.def)             Requested size: 433.62001pt x 188.82117pt.
 [99 <./figures/fig_labelled.png>] [100 <./figures/fig_tikz_stop.png (PNG copy)
>] [101] [102] [103]
[104]
<figures/fig_tikz_margin.png, id=2045, 478.28287pt x 197.58618pt>
File: figures/fig_tikz_margin.png Graphic file (type png)
<use figures/fig_tikz_margin.png>
Package pdftex.def Info: figures/fig_tikz_margin.png  used on input line 7319.
(pdftex.def)             Requested size: 433.62001pt x 179.13438pt.
<figures/fig_tikz_counts.png, id=2049, 475.10298pt x 194.4063pt>
File: figures/fig_tikz_counts.png Graphic file (type png)
<use figures/fig_tikz_counts.png>
Package pdftex.def Info: figures/fig_tikz_counts.png  used on input line 7334.
(pdftex.def)             Requested size: 433.62001pt x 177.43207pt.
<figures/fig_tikz_level2.png, id=2051, 568.7649pt x 234.1548pt>
File: figures/fig_tikz_level2.png Graphic file (type png)
<use figures/fig_tikz_level2.png>
Package pdftex.def Info: figures/fig_tikz_level2.png  used on input line 7347.
(pdftex.def)             Requested size: 433.62001pt x 178.52043pt.
 [105 <./figures/fig_tikz_margin.png (PNG copy)>] [106 <./figures/fig_tikz_coun
ts.png (PNG copy)>] [107 <./figures/fig_tikz_level2.png (PNG copy)>]
<figures/fig_tikz_secondorder.png, id=2082, 483.63084pt x 213.63013pt>
File: figures/fig_tikz_secondorder.png Graphic file (type png)
<use figures/fig_tikz_secondorder.png>
Package pdftex.def Info: figures/fig_tikz_secondorder.png  used on input line 7
502.
(pdftex.def)             Requested size: 433.62001pt x 191.5384pt.

[108] [109 <./figures/fig_tikz_secondorder.png (PNG copy)>] [110]
<figures/fig_tikz_hexloop.png, id=2120, 411.07176pt x 354.99023pt>
File: figures/fig_tikz_hexloop.png Graphic file (type png)
<use figures/fig_tikz_hexloop.png>
Package pdftex.def Info: figures/fig_tikz_hexloop.png  used on input line 7722.

(pdftex.def)             Requested size: 433.62001pt x 374.46783pt.
 [111]
[112 <./figures/fig_tikz_hexloop.png (PNG copy)>] [113]
<figures/fig_tikz_codes.png, id=2162, 493.89317pt x 320.73425pt>
File: figures/fig_tikz_codes.png Graphic file (type png)
<use figures/fig_tikz_codes.png>
Package pdftex.def Info: figures/fig_tikz_codes.png  used on input line 7878.
(pdftex.def)             Requested size: 433.62001pt x 281.601pt.
 [114] [115 <./figures/fig_tikz_codes.png (PNG copy)>] [116]
<figures/fig_tikz_count31.png, id=2219, 482.61906pt x 338.65723pt>
File: figures/fig_tikz_count31.png Graphic file (type png)
<use figures/fig_tikz_count31.png>
Package pdftex.def Info: figures/fig_tikz_count31.png  used on input line 8097.

(pdftex.def)             Requested size: 433.62001pt x 304.28743pt.
 [117] [118] [119 <./figures/fig_tikz_count31.png (PNG copy)>] [120] [121] [122
]
<figures/fig_tikz_lemma.png, id=2301, 478.13832pt x 193.82814pt>
File: figures/fig_tikz_lemma.png Graphic file (type png)
<use figures/fig_tikz_lemma.png>
Package pdftex.def Info: figures/fig_tikz_lemma.png  used on input line 8449.
(pdftex.def)             Requested size: 433.62001pt x 175.7835pt.
 [123 <./figures/fig_tikz_lemma.png (PNG copy)>] [124] [125]
<figures/fig_tikz_cradial.png, id=2359, 425.6703pt x 315.53082pt>
File: figures/fig_tikz_cradial.png Graphic file (type png)
<use figures/fig_tikz_cradial.png>
Package pdftex.def Info: figures/fig_tikz_cradial.png  used on input line 8702.

(pdftex.def)             Requested size: 433.62001pt x 321.43272pt.
 [126] [127] [128 <./figures/fig_tikz_cradial.png (PNG copy)>] [129]
<figures/fig_tikz_radial.png, id=2409, 478.13832pt x 192.38274pt>
File: figures/fig_tikz_radial.png Graphic file (type png)
<use figures/fig_tikz_radial.png>
Package pdftex.def Info: figures/fig_tikz_radial.png  used on input line 8892.
(pdftex.def)             Requested size: 433.62001pt x 174.47264pt.
 [130 <./figures/fig_tikz_radial.png (PNG copy)>] [131]
<figures/fig_tikz_levels.png, id=2461, 529.16093pt x 199.60974pt>
File: figures/fig_tikz_levels.png Graphic file (type png)
<use figures/fig_tikz_levels.png>
Package pdftex.def Info: figures/fig_tikz_levels.png  used on input line 9043.
(pdftex.def)             Requested size: 433.62001pt x 163.56833pt.
 [132] [133 <./figures/fig_tikz_levels.png (PNG copy)>] [134] [135] [136] [137]
 [138] [139]
[140] [141] [142] [143]
<figures/fig_tikz_octant.png, id=2856, 384.62094pt x 184.57758pt>
File: figures/fig_tikz_octant.png Graphic file (type png)
<use figures/fig_tikz_octant.png>
Package pdftex.def Info: figures/fig_tikz_octant.png  used on input line 9793.
(pdftex.def)             Requested size: 433.62001pt x 208.10551pt.
 [144 <./figures/fig_tikz_octant.png (PNG copy)>]
[145] [146] [147]
<figures/fig_c_arcs.png, id=2938, 2193.19376pt x 1332.98pt>
File: figures/fig_c_arcs.png Graphic file (type png)
<use figures/fig_c_arcs.png>
Package pdftex.def Info: figures/fig_c_arcs.png  used on input line 10158.
(pdftex.def)             Requested size: 433.62001pt x 263.54033pt.
 [148] [149 <./figures/fig_c_arcs.png (PNG copy)>] [150]
[151] [152] [153] [154] [155] [156]
<figures/fig_chain_plateau.png, id=3091, 2617.78pt x 1674.255pt>
File: figures/fig_chain_plateau.png Graphic file (type png)
<use figures/fig_chain_plateau.png>
Package pdftex.def Info: figures/fig_chain_plateau.png  used on input line 1075
3.
(pdftex.def)             Requested size: 429.28618pt x 274.55405pt.
<figures/fig_dense_growth.png, id=3097, 2280.52pt x 1250.6725pt>
File: figures/fig_dense_growth.png Graphic file (type png)
<use figures/fig_dense_growth.png>
Package pdftex.def Info: figures/fig_dense_growth.png  used on input line 10781
.
(pdftex.def)             Requested size: 429.28618pt x 235.41653pt.
 [157 <./figures/fig_chain_plateau.png (PNG copy)>] [158 <./figures/fig_dense_g
rowth.png (PNG copy)>] [159] [160] [161]
[162] [163] [164]
<figures/fig_c_swap.png, id=3250, 2981.1375pt x 1180.41pt>
File: figures/fig_c_swap.png Graphic file (type png)
<use figures/fig_c_swap.png>
Package pdftex.def Info: figures/fig_c_swap.png  used on input line 11351.
(pdftex.def)             Requested size: 433.62001pt x 171.6864pt.
 [165] [166 <./figures/fig_c_swap.png>] [167] [168] [169]
[170] [171] [172] [173] [174] [175] [176] (./D4.aux)
 ***********
LaTeX2e <2023-11-01> patch level 1
L3 programming layer <2024-01-22>
 ***********
Package rerunfilecheck Info: File `D4.out' has not changed.
(rerunfilecheck)             Checksum: ACDD4A1998CE2C995EE91C8E90D4BDC1;4770.
 ) 
Here is how much of TeX's memory you used:
 19022 strings out of 476106
 315479 string characters out of 5793933
 1956975 words of memory out of 5000000
 39806 multiletter control sequences out of 15000+600000
 676160 words of font info for 110 fonts, out of 8000000 for 9000
 220 hyphenation exceptions out of 8191
 75i,14n,79p,1595b,761s stack positions out of 10000i,1000n,20000p,200000b,200000s
</usr/share/texmf/fonts/type1/public/lm/lmbx10.pfb></usr/share/texmf/fonts/ty
pe1/public/lm/lmbx9.pfb></usr/share/texmf/fonts/type1/public/lm/lmcsc10.pfb></u
sr/share/texmf/fonts/type1/public/lm/lmex10.pfb></usr/share/texmf/fonts/type1/p
ublic/lm/lmmi10.pfb></usr/share/texmf/fonts/type1/public/lm/lmmi6.pfb></usr/sha
re/texmf/fonts/type1/public/lm/lmmi7.pfb></usr/share/texmf/fonts/type1/public/l
m/lmmi8.pfb></usr/share/texmf/fonts/type1/public/lm/lmmi9.pfb></usr/share/texmf
/fonts/type1/public/lm/lmr10.pfb></usr/share/texmf/fonts/type1/public/lm/lmr5.p
fb></usr/share/texmf/fonts/type1/public/lm/lmr6.pfb></usr/share/texmf/fonts/typ
e1/public/lm/lmr8.pfb></usr/share/texmf/fonts/type1/public/lm/lmr9.pfb></usr/sh
are/texmf/fonts/type1/public/lm/lmri10.pfb></usr/share/texmf/fonts/type1/public
/lm/lmri9.pfb></usr/share/texmf/fonts/type1/public/lm/lmss10.pfb></usr/share/te
xmf/fonts/type1/public/lm/lmss8.pfb></usr/share/texmf/fonts/type1/public/lm/lms
s9.pfb></usr/share/texmf/fonts/type1/public/lm/lmsy10.pfb></usr/share/texmf/fon
ts/type1/public/lm/lmsy5.pfb></usr/share/texmf/fonts/type1/public/lm/lmsy6.pfb>
</usr/share/texmf/fonts/type1/public/lm/lmsy7.pfb></usr/share/texmf/fonts/type1
/public/lm/lmsy8.pfb></usr/share/texmf/fonts/type1/public/lm/lmsy9.pfb></usr/sh
are/texmf/fonts/type1/public/lm/lmtt9.pfb></usr/share/texlive/texmf-dist/fonts/
type1/public/amsfonts/symbols/msam10.pfb></usr/share/texlive/texmf-dist/fonts/t
ype1/public/amsfonts/symbols/msbm10.pfb>
Output written on D4.pdf (176 pages, 21254817 bytes).
PDF statistics:
 3790 PDF objects out of 4296 (max. 8388607)
 3460 compressed objects within 35 object streams
 815 named destinations out of 1000 (max. 500000)
 22433 words of extra memory for PDF output out of 24883 (max. 10000000)

